// Jest Snapshot v1, https://goo.gl/fbAQLP

exports[`Is Alive Error Message Appears: Your pet is no longer alive :( 1`] = `undefined`;
